// Jest Snapshot v1, https://goo.gl/fbAQLP

exports[`ProductRepository render correctly 1`] = `ProductRepository {}`;
