// Jest Snapshot v1, https://goo.gl/fbAQLP

exports[`JoinAssociate render correctly 1`] = `[Function]`;
