// Jest Snapshot v1, https://goo.gl/fbAQLP

exports[`get-field render correctly 1`] = `[Function]`;
