// Jest Snapshot v1, https://goo.gl/fbAQLP

exports[`BookingEntity render correctly 1`] = `[Function]`;
