// Jest Snapshot v1, https://goo.gl/fbAQLP

exports[`UserRepository render correctly 1`] = `UserRepository {}`;
