// Jest Snapshot v1, https://goo.gl/fbAQLP

exports[`ProductPromoEntity render correctly 1`] = `[Function]`;
