// Jest Snapshot v1, https://goo.gl/fbAQLP

exports[`SparepartField render correctly 1`] = `[Function]`;
