// Jest Snapshot v1, https://goo.gl/fbAQLP

exports[`fileUserAssociate render correctly 1`] = `[Function]`;
