// Jest Snapshot v1, https://goo.gl/fbAQLP

exports[`HistoryService render correctly 1`] = `HistoryService {}`;
