// Jest Snapshot v1, https://goo.gl/fbAQLP

exports[`BookingDto render correctly 1`] = `[Function]`;
