// Jest Snapshot v1, https://goo.gl/fbAQLP

exports[`BookingService render correctly 1`] = `
BookingService {
  "logger": Logger {
    "context": "BookingService",
    "options": {},
  },
}
`;
