// Jest Snapshot v1, https://goo.gl/fbAQLP

exports[`JoinEntity render correctly 1`] = `[Function]`;
