// Jest Snapshot v1, https://goo.gl/fbAQLP

exports[`ProductPromoRepository render correctly 1`] = `ProductPromoRepository {}`;
