// Jest Snapshot v1, https://goo.gl/fbAQLP

exports[`ProductPromoAssociate render correctly 1`] = `[Function]`;
