// Jest Snapshot v1, https://goo.gl/fbAQLP

exports[`HistoryRepository render correctly 1`] = `
HistoryRepository {
  "logger": Logger {
    "context": "HistoryRepository",
    "options": {},
  },
}
`;
