// Jest Snapshot v1, https://goo.gl/fbAQLP

exports[`UserDto render correctly 1`] = `
{
  "ChangePasswordField": [Function],
  "LoginField": [Function],
  "RegisterField": [Function],
}
`;
