// Jest Snapshot v1, https://goo.gl/fbAQLP

exports[`userEntity render correctly 1`] = `[Function]`;
