// Jest Snapshot v1, https://goo.gl/fbAQLP

exports[`ServiceHistoryController render correctly 1`] = `
Server {
  "_connections": 0,
  "_events": {
    "connection": [Function],
    "request": [Function],
  },
  "_eventsCount": 2,
  "_handle": null,
  "_maxListeners": undefined,
  "_unref": false,
  "_usingWorkers": false,
  "_workers": [],
  "allowHalfOpen": true,
  "connectionsCheckingInterval": 30000,
  "headersTimeout": 60000,
  "highWaterMark": 16384,
  "httpAllowHalfOpen": false,
  "insecureHTTPParser": undefined,
  "joinDuplicateHeaders": undefined,
  "keepAlive": false,
  "keepAliveInitialDelay": 0,
  "keepAliveTimeout": 5000,
  "maxHeaderSize": undefined,
  "maxHeadersCount": null,
  "maxRequestsPerSocket": 0,
  "noDelay": true,
  "pauseOnConnect": false,
  "rejectNonStandardBodyWrites": false,
  "requestTimeout": 300000,
  "timeout": 0,
  Symbol(IncomingMessage): [Function],
  Symbol(ServerResponse): [Function],
  Symbol(kCapture): false,
  Symbol(async_id_symbol): -1,
  Symbol(http.server.connections): ConnectionsList {},
  Symbol(http.server.connectionsCheckingInterval): Timeout {
    "_destroyed": false,
    "_idleNext": Timeout {
      "_destroyed": false,
      "_idleNext": Timeout {
        "_destroyed": false,
        "_idleNext": Timeout {
          "_destroyed": false,
          "_idleNext": TimersList {
            "_idleNext": [Circular],
            "_idlePrev": [Circular],
            "expiry": 34599,
            "id": -9007199254740988,
            "msecs": 30000,
            "priorityQueuePosition": 2,
          },
          "_idlePrev": [Circular],
          "_idleStart": 4599,
          "_idleTimeout": 30000,
          "_onTimeout": [Function],
          "_repeat": 30000,
          "_timerArgs": undefined,
          Symbol(refed): false,
          Symbol(kHasPrimitive): false,
          Symbol(asyncId): 19,
          Symbol(triggerId): 0,
        },
        "_idlePrev": [Circular],
        "_idleStart": 4615,
        "_idleTimeout": 30000,
        "_onTimeout": [Function],
        "_repeat": 30000,
        "_timerArgs": undefined,
        Symbol(refed): false,
        Symbol(kHasPrimitive): false,
        Symbol(asyncId): 23,
        Symbol(triggerId): 0,
      },
      "_idlePrev": [Circular],
      "_idleStart": 6704,
      "_idleTimeout": 30000,
      "_onTimeout": [Function],
      "_repeat": 30000,
      "_timerArgs": undefined,
      Symbol(refed): false,
      Symbol(kHasPrimitive): false,
      Symbol(asyncId): 390,
      Symbol(triggerId): 0,
    },
    "_idlePrev": TimersList {
      "_idleNext": [Circular],
      "_idlePrev": Timeout {
        "_destroyed": false,
        "_idleNext": [Circular],
        "_idlePrev": Timeout {
          "_destroyed": false,
          "_idleNext": [Circular],
          "_idlePrev": Timeout {
            "_destroyed": false,
            "_idleNext": [Circular],
            "_idlePrev": [Circular],
            "_idleStart": 6704,
            "_idleTimeout": 30000,
            "_onTimeout": [Function],
            "_repeat": 30000,
            "_timerArgs": undefined,
            Symbol(refed): false,
            Symbol(kHasPrimitive): false,
            Symbol(asyncId): 390,
            Symbol(triggerId): 0,
          },
          "_idleStart": 4615,
          "_idleTimeout": 30000,
          "_onTimeout": [Function],
          "_repeat": 30000,
          "_timerArgs": undefined,
          Symbol(refed): false,
          Symbol(kHasPrimitive): false,
          Symbol(asyncId): 23,
          Symbol(triggerId): 0,
        },
        "_idleStart": 4599,
        "_idleTimeout": 30000,
        "_onTimeout": [Function],
        "_repeat": 30000,
        "_timerArgs": undefined,
        Symbol(refed): false,
        Symbol(kHasPrimitive): false,
        Symbol(asyncId): 19,
        Symbol(triggerId): 0,
      },
      "expiry": 34599,
      "id": -9007199254740988,
      "msecs": 30000,
      "priorityQueuePosition": 2,
    },
    "_idleStart": 6713,
    "_idleTimeout": 30000,
    "_onTimeout": [Function],
    "_repeat": 30000,
    "_timerArgs": undefined,
    Symbol(refed): false,
    Symbol(kHasPrimitive): false,
    Symbol(asyncId): 394,
    Symbol(triggerId): 0,
  },
  Symbol(kUniqueHeaders): null,
}
`;
