// Jest Snapshot v1, https://goo.gl/fbAQLP

exports[`PromoField render correctly 1`] = `[Function]`;
