// Jest Snapshot v1, https://goo.gl/fbAQLP

exports[`connectAssociate render correctly 1`] = `[Function]`;
