// Jest Snapshot v1, https://goo.gl/fbAQLP

exports[`connectEntity render correctly 1`] = `[Function]`;
