// Jest Snapshot v1, https://goo.gl/fbAQLP

exports[`BookingService should create the app 1`] = `
BookingService {
  "regex": /\\^\\[\\\\w-\\\\\\.\\]\\+@\\(\\[\\\\w-\\]\\+\\\\\\.\\)\\+\\[\\\\w-\\]\\{2,4\\}\\$/g,
}
`;
