// Jest Snapshot v1, https://goo.gl/fbAQLP

exports[`HistoryEntity render correctly 1`] = `[Function]`;
