// Jest Snapshot v1, https://goo.gl/fbAQLP

exports[`ProductService render correctly 1`] = `ProductService {}`;
