// Jest Snapshot v1, https://goo.gl/fbAQLP

exports[`UserAssociate render correctly 1`] = `[Function]`;
