// Jest Snapshot v1, https://goo.gl/fbAQLP

exports[`userAssociate render correctly 1`] = `[Function]`;
