// Jest Snapshot v1, https://goo.gl/fbAQLP

exports[`HistoryAssociate render correctly 1`] = `[Function]`;
