// Jest Snapshot v1, https://goo.gl/fbAQLP

exports[`FreeTextEntity render correctly 1`] = `[Function]`;
