// Jest Snapshot v1, https://goo.gl/fbAQLP

exports[`UserHistoryEntity render correctly 1`] = `[Function]`;
