// Jest Snapshot v1, https://goo.gl/fbAQLP

exports[`SparepartEntity render correctly 1`] = `[Function]`;
