// Jest Snapshot v1, https://goo.gl/fbAQLP

exports[`ProductPromoService render correctly 1`] = `ProductPromoService {}`;
