// Jest Snapshot v1, https://goo.gl/fbAQLP

exports[`ProductBasicAssociate render correctly 1`] = `[Function]`;
