// Jest Snapshot v1, https://goo.gl/fbAQLP

exports[`PromoEntity render correctly 1`] = `[Function]`;
