// Jest Snapshot v1, https://goo.gl/fbAQLP

exports[`OrderAssociate render correctly 1`] = `[Function]`;
