// Jest Snapshot v1, https://goo.gl/fbAQLP

exports[`FileEntity render correctly 1`] = `[Function]`;
