// Jest Snapshot v1, https://goo.gl/fbAQLP

exports[`variantEntity render correctly 1`] = `[Function]`;
