// Jest Snapshot v1, https://goo.gl/fbAQLP

exports[`HistoryDto render correctly 1`] = `[Function]`;
