// Jest Snapshot v1, https://goo.gl/fbAQLP

exports[`ProductStockEntity render correctly 1`] = `[Function]`;
